[www.regnumhotels.com/en/default.html]
[backblue.gif]
[fade.gif]
[index.html]
[www.regnumhotels.com/condor/js/essentials.js]
[www.regnumhotels.com/d/regnum/merged/global_f8_2017-04-25-13-57_291104689.css]
[www.regnumhotels.com/templates/main/css/global.fonts.css]
[www.regnumhotels.com/d/regnum/merged/global_f3_2016-05-24-11-26_2578605390.js]
[www.regnumhotels.com/condor/modules/imageSwitch/javascript.imageSwitch.js]
[www.regnumhotels.com/condor/modules/imageSwitch/style.imageSwitch.css]
[www.regnumhotels.com/condor/modules/googleAnalytics/javascript.googleAnalytics.js]
[www.regnumhotels.com/templates/main/cookienotice/style.cookies.css]
[www.regnumhotels.com/condor/modules/socialToolbar/css/style.socialToolbar-common.css]
[www.regnumhotels.com/condor/modules/socialToolbar/css/style.socialToolbar-horizontal.css]
[www.regnumhotels.com/condor/modules/socialToolbar/javascript/json2.min.js]
[www.regnumhotels.com/condor/modules/socialToolbar/javascript/javascript.socialToolbar.js]
[www.regnumhotels.com/condor/modules/socialToolbar/javascript/jquery-1.7.1.min.js]
[www.regnumhotels.com/condor/modules/socialToolbar/javascript/jquery.cookie.js]
[platform.twitter.com/widgets.js]
[connect.facebook.net/en_US/all.js]
[apis.google.com/js/platform.js]
[www.regnumhotels.com/condor/modules/socialToolbar/javascript/javascript.socialAnalytics.js]
[mc.yandex.ru/metrika/watch.js]
[www.regnumhotels.com/en/rooms-and-villas-belek-antalya.html]
[www.regnumhotels.com/en/restaurants-belek-antalya.html]
[www.regnumhotels.com/en/spa-wellness-belek-antalya.html]
[www.regnumhotels.com/en/golf-holidays-belek-antalya.html]
[www.regnumhotels.com/en/meetings-belek-antalya.html]
[www.regnumhotels.com/en/activities-belek-antalya.html]
[www.regnumhotels.com/en/sport-belek-antalya.html]
[www.regnumhotels.com/en/family-hotel-belek-antalya.html]
[www.regnumhotels.com/en/gallery.html]
[www.regnumhotels.com/en/packages-belek-antalya.html]
[www.regnumhotels.com/en/news.html]
[www.regnumhotels.com/en/contact-and-location.html]
[www.regnumhotels.com/en/attractions-in-antalya.html]
[www.regnumhotels.com/en/about-us.html]
[www.regnumhotels.com/en/green-hotel-belek-antalya.html]
[www.regnumhotels.com/en/media.html]
[www.regnumhotels.com/en/career.html]
[www.regnumhotels.com/en/guest-reviews.html]
[www.regnumhotels.com/en/sitemap.html]
[www.regnumhotels.com/en/terms-and-conditions.html]
[file.videopolis.com/D/7c13e5d0-0962-11e6-adf4-0242ac110002/8435.11483.antalya.regnum-carya-golf-and-spa-resort.hero-uLw7KLsI-14075-1280x720.jpg]
[www.regnumhotels.com/d/regnum/merged/global_f8_2017-04-07-12-10_833116078.js]
[storage.googleapis.com/code.snapengage.com/js/6601bc8e-7654-4f98-a95d-ddd4749fac40.js]
[www.regnumhotels.com/en/default.html]
[www.regnumhotels.com/en/GET.2e.delayed]
[www.regnumhotels.com/condor/js/essentials.js]
[www.regnumhotels.com/templates/main/images/image-sprite.png]
[storage.googleapis.com/code.snapengage.com/js/008a7458-4f30-4086-93c0-7c3db548805e.js]
[www.regnumhotels.com/templates/main/images/menu-bg.png]
[www.regnumhotels.com/templates/main/images/li.png]
[storage.googleapis.com/code.snapengage.com/js/75075613-c414-4ba7-bc38-35eced265f12.js]
[www.regnumhotels.com/templates/main/images/preloader.gif]
[storage.googleapis.com/code.snapengage.com/js/6288e4ff-c62b-49cb-9de2-c71b5a0a73f6.js]
[www.regnumhotels.com/templates/main/images/pinterest.png]
[www.regnumhotels.com/templates/main/libs/jquery/fancybox/fancybox-close.png]
[www.regnumhotels.com/templates/main/images/logo_scroll.png]
[www.regnumhotels.com/templates/main/images/hamburger.png]
[www.regnumhotels.com/templates/main/images/preloader-m.gif]
[www.regnumhotels.com/templates/main/images/speaker-off.png]
[www.regnumhotels.com/templates/main/images/speaker-on.png]
[www.regnumhotels.com/templates/main/libs/jquery/jquery-datepicker/smoothness/images/ui-icons_444444_256x240.png]
[www.regnumhotels.com/templates/main/libs/jquery/jquery-datepicker/smoothness/images/ui-icons_ffffff_256x240.png]
[www.regnumhotels.com/templates/main/libs/jquery/jquery-datepicker/smoothness/images/ui-icons_777777_256x240.png]
[www.regnumhotels.com/templates/main/libs/jquery/jquery-datepicker/smoothness/images/ui-icons_555555_256x240.png]
[www.regnumhotels.com/templates/main/libs/jquery/jquery-datepicker/smoothness/images/ui-icons_cc0000_256x240.png]
[www.regnumhotels.com/templates/main/images/play-button.png]
[www.regnumhotels.com/templates/main/images/pause.png]
[www.regnumhotels.com/d/regnum/merged/global_f8_2017-04-25-13-57_291104689.css]
[www.regnumhotels.com/templates/main/css/global.fonts.css]
[www.regnumhotels.com/d/regnum/merged/global_f3_2016-05-24-11-26_2578605390.js]
[www.regnumhotels.com/condor/modules/imageSwitch/javascript.imageSwitch.js]
[www.regnumhotels.com/condor/modules/imageSwitch/themes/default/images/editAltText.png]
[www.regnumhotels.com/condor/modules/imageSwitch/themes/default/images/editAltTextEmpty.png]
[www.regnumhotels.com/condor/modules/imageSwitch/style.imageSwitch.css]
[www.regnumhotels.com/condor/modules/googleAnalytics/javascript.googleAnalytics.js]
[www.regnumhotels.com/templates/main/cookienotice/close.png]
[www.regnumhotels.com/templates/main/cookienotice/style.cookies.css]
[www.regnumhotels.com/condor/modules/socialToolbar/css/style.socialToolbar-common.css]
[www.regnumhotels.com/condor/modules/socialToolbar/themes/default/images/icon_sprite_new.png]
[www.regnumhotels.com/condor/modules/socialToolbar/themes/default/images/arrows.png]
[www.regnumhotels.com/condor/modules/socialToolbar/css/style.socialToolbar-horizontal.css]
[www.regnumhotels.com/condor/modules/socialToolbar/javascript/json2.min.js]
[www.regnumhotels.com/condor/modules/socialToolbar/javascript/javascript.socialToolbar.js]
[www.regnumhotels.com/condor/modules/socialToolbar/javascript/jquery-1.7.1.min.js]
[www.regnumhotels.com/condor/modules/socialToolbar/javascript/jquery.cookie.js]
[assets.pinterest.com/js/pinmarklet2a3b.js]
[www.regnumhotels.com/en/%s/profile4d6d.php]
[connect.facebook.net/en_US/all.js]
[www.regnumhotels.com/condor/modules/socialToolbar/javascript/javascript.socialAnalytics.js]
[www.regnumhotels.com/en/get]
[www.regnumhotels.com/en/ABCDEFGHIJKLMNOPQRSTUVWXYZabcdefghijklmnopqrstuvwxyz0123456789+/index.html]
[www.regnumhotels.com/en/path]
[mc.yandex.ru/metrika/watch.js]
[www.regnumhotels.com/d/regnum/merged/rooms_viewList_f1_2017-06-08-14-09_1286838238.css]
[www.regnumhotels.com/en/awaps.yandex.net/index.html]
[www.regnumhotels.com/d/regnum/merged/global_f9_2017-04-25-13-57_2468918325.css]
[www.regnumhotels.com/d/regnum/media/Optimized_images/Rooms/1_Main_Building/6_Presidential_Suite_Sea_View/__thumbs_1550_555_crop/Presidential_Suite-Bedroom_th.jpg]
[www.regnumhotels.com/d/regnum/media/Optimized_images/Rooms/1_Main_Building/6_Presidential_Suite_Sea_View/__thumbs_1550_555_crop/Presidential_Suite-Bedroom_thb98d.jpg]
[www.regnumhotels.com/d/regnum/media/Optimized_images/Rooms/4_Crown_Villa/__thumbs_1550_555_crop/Crown_Villa-5_th.jpg]
[www.regnumhotels.com/d/regnum/media/Optimized_images/Rooms/1_Main_Building/1_Luxury_Room/__thumbs_1550_555_crop/Luxury_Room-Golf_View_th.jpg]
[www.regnumhotels.com/d/regnum/media/Optimized_images/Rooms/1_Main_Building/4_Family_Roof_Room/__thumbs_1550_555_crop/Family_Roof_Room_th.jpg]
[www.regnumhotels.com/en/rooms-and-villas-belek-antalya.html]
[www.regnumhotels.com/d/regnum/merged/global_f9_2017-04-25-13-57_1503792254.css]
[www.regnumhotels.com/d/regnum/media/Optimized_images/Restaurants_and_Bars/Bars/__thumbs_1550_555_crop/Zing_Vitamin_Bar_th.jpg]
[www.regnumhotels.com/d/regnum/media/Optimized_images/Restaurants_and_Bars/Bars/__thumbs_1550_555_crop/Zing_Vitamin_Bar_thba26.jpg]
[www.regnumhotels.com/d/regnum/media/Optimized_images/Restaurants_and_Bars/Ala_Carte_Restaurants/Seafood_Restaurant/__thumbs_1550_555_crop/Fish_Restaurant-Seahourse_2_th.jpg]
[www.regnumhotels.com/d/regnum/media/Optimized_images/Restaurants_and_Bars/Ala_Carte_Restaurants/Far_East_Restaurant/__thumbs_1550_555_crop/Far_East_Restaurant-Chufang_2_th.jpg]
[www.regnumhotels.com/en/restaurants-belek-antalya.html]
[www.regnumhotels.com/d/regnum/merged/global_f9_2017-04-25-13-57_3362243059.css]
[www.regnumhotels.com/d/regnum/media/Optimized_images/SPA_and_Wellness/__thumbs_1550_555_crop/GreenDoor_Spa__Wellness_-2_th.jpg]
[www.regnumhotels.com/d/regnum/media/Optimized_images/SPA_and_Wellness/__thumbs_1550_555_crop/GreenDoor_Spa__Wellness_1_th.jpg]
[www.regnumhotels.com/d/regnum/media/Optimized_images/SPA_and_Wellness/__thumbs_1550_555_crop/GreenDoor_Spa__Wellness_-2_thceed.jpg]
[www.regnumhotels.com/d/regnum/media/Optimized_images/SPA_and_Wellness/__thumbs_1550_555_crop/GreenDoor_Spa_Wellness_9_th.jpg]
[www.regnumhotels.com/d/regnum/media/Optimized_images/SPA_and_Wellness/__thumbs_1550_555_crop/GreenDoor_Spa__Wellness_-13_th.jpg]
[www.regnumhotels.com/en/spa-wellness-belek-antalya.html]
[www.regnumhotels.com/d/regnum/merged/global_f10_2017-04-25-13-57_2210881559.css]
[www.regnumhotels.com/d/regnum/media/Optimized_images/Golf/Carya_Golf_Club/Carya_Golf_8_th_9619fc.jpg]
[www.regnumhotels.com/d/regnum/media/Optimized_images/Golf/Carya_Golf_Club/__thumbs_584_378_crop/Carya_Golf_8_th_9619fc.jpg]
[www.regnumhotels.com/d/regnum/media/Optimized_images/Golf/Carya_Golf_Club/Carya_Golf_2_th_2470eb.jpg]
[www.regnumhotels.com/d/regnum/media/Optimized_images/Golf/Carya_Golf_Club/__thumbs_584_378_crop/Carya_Golf_2_th_2470eb.jpg]
[www.regnumhotels.com/d/regnum/media/Optimized_images/Golf/Carya_Golf_Club/Carya_Golf_9_th_7df86d.jpg]
[www.regnumhotels.com/d/regnum/media/Optimized_images/Golf/Carya_Golf_Club/__thumbs_584_378_crop/Carya_Golf_9_th_7df86d.jpg]
[www.regnumhotels.com/d/regnum/media/Optimized_images/Golf/Carya_Golf_Club/CARYA_FLOODLIGHT__th.jpg]
[www.regnumhotels.com/d/regnum/media/Optimized_images/Golf/Carya_Golf_Club/__thumbs_584_378_crop/CARYA_FLOODLIGHT__th.jpg]
[www.regnumhotels.com/d/regnum/media/Optimized_images/Golf/National_Golf_Club/National_Golf_Club_-9_th.jpg]
[www.regnumhotels.com/d/regnum/media/Optimized_images/Golf/National_Golf_Club/__thumbs_584_378_crop/National_Golf_Club_-9_th.jpg]
[www.regnumhotels.com/d/regnum/media/Optimized_images/Golf/National_Golf_Club/National_Golf_Club_-3_th.jpg]
[www.regnumhotels.com/d/regnum/media/Optimized_images/Golf/National_Golf_Club/__thumbs_584_378_crop/National_Golf_Club_-3_th.jpg]
[www.regnumhotels.com/d/regnum/media/Optimized_images/Golf/National_Golf_Club/National_Golf_Club_-10_th.jpg]
[www.regnumhotels.com/d/regnum/media/Optimized_images/Golf/National_Golf_Club/__thumbs_584_378_crop/National_Golf_Club_-10_th.jpg]
[www.regnumhotels.com/d/regnum/media/Optimized_images/Golf/National_Golf_Club/National_Golf_Club_-19_th.jpg]
[www.regnumhotels.com/d/regnum/media/Optimized_images/Golf/National_Golf_Club/__thumbs_584_378_crop/National_Golf_Club_-19_th.jpg]
[www.regnumhotels.com/d/regnum/media/Optimized_images/Golf/Carya_Golf_Club/__thumbs_1550_555_crop/Carya_Golf_12_th_bf85a1.jpg]
[www.regnumhotels.com/d/regnum/merged/fancybox_f1_2016-05-24-11-26_1507225849.js]
[www.regnumhotels.com/en/golf-holidays-belek-antalya.html]
[www.regnumhotels.com/d/regnum/media/Optimized_images/Golf/Carya_Golf_Club/__thumbs_1550_555_crop/Carya_Golf_12_th_bf85a1e10d.jpg]
[file.videopolis.com/B/8435/8435.11483.antalya.regnum-carya-golf-and-spa-resort.amenity.meeting-room-2679-853x480.jpg]
[www.regnumhotels.com/d/regnum/merged/global_f9_2017-04-25-13-57_741277088.css]
[www.regnumhotels.com/d/regnum/media/Logos/ICCAMemberlogocolourweb.jpg]
[www.regnumhotels.com/d/regnum/media/Logos/indir_1_23263d.png]
[www.regnumhotels.com/d/regnum/media/Logos/indir.png]
[www.regnumhotels.com/en/rfp.html]
[www.regnumhotels.com/d/regnum/media/Optimized_images/Meeting_Rooms/__thumbs_584_378_crop/Meeting_Room-Carya_2_th.jpg]
[www.regnumhotels.com/d/regnum/media/Optimized_images/Meeting_Rooms/__thumbs_584_378_crop/Meeting_Room-Carya_5_th.jpg]
[www.regnumhotels.com/d/regnum/media/Optimized_images/Meeting_Rooms/__thumbs_584_378_crop/Meeting_Room-Carya1_th.jpg]
[www.regnumhotels.com/d/regnum/media/Optimized_images/Meeting_Rooms/__thumbs_1550_555_crop/Breakout-TILLIA_2_th.jpg]
[www.regnumhotels.com/d/regnum/media/Optimized_images/Meeting_Rooms/__thumbs_1550_555_crop/Grand_Floor-Foyer_th.jpg]
[www.regnumhotels.com/d/regnum/media/Optimized_images/Meeting_Rooms/__thumbs_1550_555_crop/Breakout-TILLIA_2_th22c3.jpg]
[www.regnumhotels.com/d/regnum/media/Optimized_images/Meeting_Rooms/__thumbs_1550_555_crop/Meeting_Room-Carya1_th.jpg]
[www.regnumhotels.com/en/meetings-belek-antalya.html]
[www.regnumhotels.com/d/regnum/merged/global_f10_2017-04-25-13-57_1209139493.css]
[www.regnumhotels.com/d/regnum/media/Optimized_images/Others/Amphitheatre_th.jpg]
[www.regnumhotels.com/d/regnum/media/Optimized_images/Others/__thumbs_584_378_crop/Amphitheatre_th.jpg]
[www.regnumhotels.com/d/regnum/media/Optimized_images/Others/Water_Show_th.jpg]
[www.regnumhotels.com/d/regnum/media/Optimized_images/Others/__thumbs_584_378_crop/Water_Show_th.jpg]
[www.regnumhotels.com/d/regnum/media/Optimized_images/Others/Waterfall_th.jpg]
[www.regnumhotels.com/d/regnum/media/Optimized_images/Others/__thumbs_584_378_crop/Waterfall_th.jpg]
[www.regnumhotels.com/d/regnum/media/Optimized_images/Game_Room/Game_room-bowling_2_th.jpg]
[www.regnumhotels.com/d/regnum/media/Optimized_images/Game_Room/__thumbs_584_378_crop/Game_room-bowling_2_th.jpg]
[www.regnumhotels.com/d/regnum/media/Optimized_images/Game_Room/Game_room-billiard1_th.jpg]
[www.regnumhotels.com/d/regnum/media/Optimized_images/Game_Room/__thumbs_584_378_crop/Game_room-billiard1_th.jpg]
[www.regnumhotels.com/d/regnum/media/Optimized_images/Game_Room/game_room-2_th.jpg]
[www.regnumhotels.com/d/regnum/media/Optimized_images/Game_Room/__thumbs_584_378_crop/game_room-2_th.jpg]
[www.regnumhotels.com/d/regnum/media/Optimized_images/Others/Waterpipe_Area_th.jpg]
[www.regnumhotels.com/d/regnum/media/Optimized_images/Others/__thumbs_584_378_crop/Waterpipe_Area_th.jpg]
[www.regnumhotels.com/d/regnum/media/Optimized_images/Football/Football_Area-1_th.jpg]
[www.regnumhotels.com/d/regnum/media/Optimized_images/Football/__thumbs_584_378_crop/Football_Area-1_th.jpg]
[www.regnumhotels.com/d/regnum/media/Optimized_images/Others/Tennis_courts_th.jpg]
[www.regnumhotels.com/d/regnum/media/Optimized_images/Others/__thumbs_584_378_crop/Tennis_courts_th.jpg]
[www.regnumhotels.com/d/regnum/media/Optimized_images/Fitness_Center/Fitness_2_th.jpg]
[www.regnumhotels.com/d/regnum/media/Optimized_images/Fitness_Center/__thumbs_584_378_crop/Fitness_2_th.jpg]
[www.regnumhotels.com/d/regnum/media/entertainment/Zerodegree.jpg]
[www.regnumhotels.com/d/regnum/media/entertainment/__thumbs_584_378_crop/Zerodegree.jpg]
[www.regnumhotels.com/d/regnum/media/entertainment/wonderland.jpg]
[www.regnumhotels.com/d/regnum/media/entertainment/__thumbs_584_378_crop/wonderland.jpg]
[www.regnumhotels.com/d/regnum/media/entertainment/Todes.jpg]
[www.regnumhotels.com/d/regnum/media/entertainment/__thumbs_584_378_crop/Todes.jpg]
[www.regnumhotels.com/d/regnum/media/entertainment/tabu_live_band.jpg]
[www.regnumhotels.com/d/regnum/media/entertainment/__thumbs_584_378_crop/tabu_live_band.jpg]
[www.regnumhotels.com/d/regnum/media/entertainment/fairtale.jpg]
[www.regnumhotels.com/d/regnum/media/entertainment/__thumbs_584_378_crop/fairtale.jpg]
[www.regnumhotels.com/d/regnum/media/entertainment/shaman.jpg]
[www.regnumhotels.com/d/regnum/media/entertainment/__thumbs_584_378_crop/shaman.jpg]
[www.regnumhotels.com/d/regnum/media/entertainment/Regnum_Fest.jpg]
[www.regnumhotels.com/d/regnum/media/entertainment/__thumbs_584_378_crop/Regnum_Fest.jpg]
[www.regnumhotels.com/d/regnum/media/entertainment/Revelation_girls.jpg]
[www.regnumhotels.com/d/regnum/media/entertainment/__thumbs_584_378_crop/Revelation_girls.jpg]
[www.regnumhotels.com/d/regnum/media/entertainment/billionare_party.jpg]
[www.regnumhotels.com/d/regnum/media/entertainment/__thumbs_584_378_crop/billionare_party.jpg]
[www.regnumhotels.com/d/regnum/media/entertainment/Danceoftheworld.jpg]
[www.regnumhotels.com/d/regnum/media/entertainment/__thumbs_584_378_crop/Danceoftheworld.jpg]
[www.regnumhotels.com/d/regnum/media/entertainment/BBI-1.jpg]
[www.regnumhotels.com/d/regnum/media/entertainment/__thumbs_584_378_crop/BBI-1.jpg]
[www.regnumhotels.com/d/regnum/media/Optimized_images/Aqua_World/Aquaworld-5_th.jpg]
[www.regnumhotels.com/d/regnum/media/Optimized_images/Aqua_World/__thumbs_584_378_crop/Aquaworld-5_th.jpg]
[www.regnumhotels.com/d/regnum/media/Optimized_images/Aqua_World/Kids_Aqua-1_th.jpg]
[www.regnumhotels.com/d/regnum/media/Optimized_images/Aqua_World/__thumbs_584_378_crop/Kids_Aqua-1_th.jpg]
[www.regnumhotels.com/d/regnum/media/Optimized_images/Aqua_World/Aquaworld-1_th.jpg]
[www.regnumhotels.com/d/regnum/media/Optimized_images/Aqua_World/__thumbs_584_378_crop/Aquaworld-1_th.jpg]
[www.regnumhotels.com/d/regnum/media/Optimized_images/Aqua_World/Aquaworld-4_th.jpg]
[www.regnumhotels.com/d/regnum/media/Optimized_images/Aqua_World/__thumbs_584_378_crop/Aquaworld-4_th.jpg]
[www.regnumhotels.com/d/regnum/media/Optimized_images/Aqua_World/Aquaworld-3_th.jpg]
[www.regnumhotels.com/d/regnum/media/Optimized_images/Aqua_World/__thumbs_584_378_crop/Aquaworld-3_th.jpg]
[www.regnumhotels.com/d/regnum/media/Optimized_images/Aqua_World/Aquaworld-2_th.jpg]
[www.regnumhotels.com/d/regnum/media/Optimized_images/Aqua_World/__thumbs_584_378_crop/Aquaworld-2_th.jpg]
[www.regnumhotels.com/d/regnum/media/Optimized_images/Beach_and_Pier/BeachPier-1_th.jpg]
[www.regnumhotels.com/d/regnum/media/Optimized_images/Beach_and_Pier/__thumbs_584_378_crop/BeachPier-1_th.jpg]
[www.regnumhotels.com/d/regnum/media/Optimized_images/Pools/Heated_Outdoor_Pool_th.jpg]
[www.regnumhotels.com/d/regnum/media/Optimized_images/Pools/__thumbs_584_378_crop/Heated_Outdoor_Pool_th.jpg]
[www.regnumhotels.com/d/regnum/media/REGNUM_2050X1538_LANDOF-4.jpg]
[www.regnumhotels.com/d/regnum/media/__thumbs_584_378_crop/REGNUM_2050X1538_LANDOF-4.jpg]
[www.regnumhotels.com/d/regnum/media/REGNUM_2050X1538_LANDOF-3.jpg]
[www.regnumhotels.com/d/regnum/media/__thumbs_584_378_crop/REGNUM_2050X1538_LANDOF-3.jpg]
[www.regnumhotels.com/d/regnum/media/REGNUM_2050X1538_LANDOF-6.jpg]
[www.regnumhotels.com/d/regnum/media/__thumbs_584_378_crop/REGNUM_2050X1538_LANDOF-6.jpg]
[www.regnumhotels.com/d/regnum/media/REGNUM_2050X1538_LANDOF-5.jpg]
[www.regnumhotels.com/d/regnum/media/__thumbs_584_378_crop/REGNUM_2050X1538_LANDOF-5.jpg]
[www.regnumhotels.com/d/regnum/media/REGNUM_2050X1538_LANDOF-7.jpg]
[www.regnumhotels.com/d/regnum/media/__thumbs_584_378_crop/REGNUM_2050X1538_LANDOF-7.jpg]
[www.regnumhotels.com/d/regnum/media/Optimized_images/Adventure_Park/Adventure_Park-7_th.jpg]
[www.regnumhotels.com/d/regnum/media/Optimized_images/Adventure_Park/__thumbs_584_378_crop/Adventure_Park-7_th.jpg]
[www.regnumhotels.com/d/regnum/media/Optimized_images/Adventure_Park/Adventure_Park-8_th.jpg]
[www.regnumhotels.com/d/regnum/media/Optimized_images/Adventure_Park/__thumbs_584_378_crop/Adventure_Park-8_th.jpg]
[www.regnumhotels.com/d/regnum/media/Optimized_images/Adventure_Park/Adventure_Park-4_th.jpg]
[www.regnumhotels.com/d/regnum/media/Optimized_images/Adventure_Park/__thumbs_584_378_crop/Adventure_Park-4_th.jpg]
[www.regnumhotels.com/d/regnum/media/Optimized_images/Adventure_Park/Adventure_Park-5_th.jpg]
[www.regnumhotels.com/d/regnum/media/Optimized_images/Adventure_Park/__thumbs_584_378_crop/Adventure_Park-5_th.jpg]
[www.regnumhotels.com/d/regnum/media/Optimized_images/Adventure_Park/Adventure_Park-2_th.jpg]
[www.regnumhotels.com/d/regnum/media/Optimized_images/Adventure_Park/__thumbs_584_378_crop/Adventure_Park-2_th.jpg]
[www.regnumhotels.com/d/regnum/media/Optimized_images/Adventure_Park/Adventure_Park-3_th.jpg]
[www.regnumhotels.com/d/regnum/media/Optimized_images/Adventure_Park/__thumbs_584_378_crop/Adventure_Park-3_th.jpg]
[www.regnumhotels.com/d/regnum/media/Optimized_images/Aqua_World/__thumbs_1550_555_crop/Aquaworld-5_th.jpg]
[www.regnumhotels.com/d/regnum/media/Optimized_images/Others/__thumbs_1550_555_crop/Tennis_courts_th.jpg]
[www.regnumhotels.com/d/regnum/media/Optimized_images/Aqua_World/__thumbs_1550_555_crop/Aquaworld-5_th19c1.jpg]
[www.regnumhotels.com/d/regnum/media/Optimized_images/Football/__thumbs_1550_555_crop/Football_Area-1_th.jpg]
[www.regnumhotels.com/d/regnum/media/Optimized_images/Adventure_Park/__thumbs_1550_555_crop/Adventure_Park-2_th.jpg]
[www.regnumhotels.com/d/regnum/media/Optimized_images/Aqua_World/__thumbs_1550_555_crop/Aquaworld-3_th.jpg]
[www.regnumhotels.com/en/activities-belek-antalya.html]
[www.regnumhotels.com/d/regnum/media/Optimized_images/Football/Football_Area-2_th.jpg]
[www.regnumhotels.com/d/regnum/media/Optimized_images/Football/__thumbs_584_378_crop/Football_Area-2_th.jpg]
[www.regnumhotels.com/d/regnum/media/regnum_carya-real-madrid-foundation-clinic-5.jpg]
[www.regnumhotels.com/d/regnum/media/__thumbs_584_378_crop/regnum_carya-real-madrid-foundation-clinic-5.jpg]
[www.regnumhotels.com/d/regnum/media/regnum_carya-real-madrid-foundation-clinic-2.jpg]
[www.regnumhotels.com/d/regnum/media/__thumbs_584_378_crop/regnum_carya-real-madrid-foundation-clinic-2.jpg]
[www.regnumhotels.com/d/regnum/media/regnum_carya-real-madrid-foundation-clinic-1.jpg]
[www.regnumhotels.com/d/regnum/media/__thumbs_584_378_crop/regnum_carya-real-madrid-foundation-clinic-1.jpg]
[www.regnumhotels.com/d/regnum/media/regnum_carya-real-madrid-foundation-clinic-3.jpg]
[www.regnumhotels.com/d/regnum/media/__thumbs_584_378_crop/regnum_carya-real-madrid-foundation-clinic-3.jpg]
[www.regnumhotels.com/d/regnum/media/regnum_carya-real-madrid-foundation-clinic-4.jpg]
[www.regnumhotels.com/d/regnum/media/__thumbs_584_378_crop/regnum_carya-real-madrid-foundation-clinic-4.jpg]
[www.regnumhotels.com/d/regnum/media/regnum_carya-real-madrid-foundation-clinic-6.jpg]
[www.regnumhotels.com/d/regnum/media/__thumbs_584_378_crop/regnum_carya-real-madrid-foundation-clinic-6.jpg]
[www.regnumhotels.com/d/regnum/media/Optimized_images/Golf/National_Golf_Club/__thumbs_1550_555_crop/National_Golf_Club_-9_th.jpg]
[www.regnumhotels.com/en/sport-belek-antalya.html]
[www.regnumhotels.com/d/regnum/media/Optimized_images/Golf/National_Golf_Club/__thumbs_1550_555_crop/National_Golf_Club_-9_th084f.jpg]
[www.regnumhotels.com/d/regnum/media/Optimized_images/Kids_Club_Cicada/Kids_Club-9_th.jpg]
[www.regnumhotels.com/d/regnum/media/Optimized_images/Kids_Club_Cicada/__thumbs_584_378_crop/Kids_Club-9_th.jpg]
[www.regnumhotels.com/d/regnum/media/Optimized_images/Kids_Club_Cicada/Kids_Club-8_th.jpg]
[www.regnumhotels.com/d/regnum/media/Optimized_images/Kids_Club_Cicada/__thumbs_584_378_crop/Kids_Club-8_th.jpg]
[www.regnumhotels.com/d/regnum/media/Optimized_images/Kids_Club_Cicada/Kids_Club-7_th.jpg]
[www.regnumhotels.com/d/regnum/media/Optimized_images/Kids_Club_Cicada/__thumbs_584_378_crop/Kids_Club-7_th.jpg]
[www.regnumhotels.com/d/regnum/media/Optimized_images/Kids_Club_Cicada/Kids_Club-6_th.jpg]
[www.regnumhotels.com/d/regnum/media/Optimized_images/Kids_Club_Cicada/__thumbs_584_378_crop/Kids_Club-6_th.jpg]
[www.regnumhotels.com/d/regnum/media/Optimized_images/Kids_Club_Cicada/Kids_Club-5_th.jpg]
[www.regnumhotels.com/d/regnum/media/Optimized_images/Kids_Club_Cicada/__thumbs_584_378_crop/Kids_Club-5_th.jpg]
[www.regnumhotels.com/d/regnum/media/Optimized_images/Kids_Club_Cicada/Kids_Club-2_th.jpg]
[www.regnumhotels.com/d/regnum/media/Optimized_images/Kids_Club_Cicada/__thumbs_584_378_crop/Kids_Club-2_th.jpg]
[www.regnumhotels.com/d/regnum/media/Optimized_images/Kids_Club_Cicada/Kids_Club-3_th.jpg]
[www.regnumhotels.com/d/regnum/media/Optimized_images/Kids_Club_Cicada/__thumbs_584_378_crop/Kids_Club-3_th.jpg]
[www.regnumhotels.com/d/regnum/media/Optimized_images/Kids_Club_Cicada/Kids_Club-4_th.jpg]
[www.regnumhotels.com/d/regnum/media/Optimized_images/Kids_Club_Cicada/__thumbs_584_378_crop/Kids_Club-4_th.jpg]
[www.regnumhotels.com/d/regnum/media/Optimized_images/Kids_Club_Cicada/Kids_Adventure-1_th.jpg]
[www.regnumhotels.com/d/regnum/media/Optimized_images/Kids_Club_Cicada/__thumbs_584_378_crop/Kids_Adventure-1_th.jpg]
[www.regnumhotels.com/d/regnum/media/Optimized_images/Kids_Club_Cicada/Kids_Club-12_th.jpg]
[www.regnumhotels.com/d/regnum/media/Optimized_images/Kids_Club_Cicada/__thumbs_584_378_crop/Kids_Club-12_th.jpg]
[www.regnumhotels.com/d/regnum/media/Optimized_images/Kids_Club_Cicada/Kids_Club-10_th.jpg]
[www.regnumhotels.com/d/regnum/media/Optimized_images/Kids_Club_Cicada/__thumbs_584_378_crop/Kids_Club-10_th.jpg]
[www.regnumhotels.com/d/regnum/media/Optimized_images/Kids_Club_Cicada/__thumbs_1550_555_crop/Kids_Club-11_th.jpg]
[www.regnumhotels.com/en/family-hotel-belek-antalya.html]
[www.regnumhotels.com/d/regnum/media/Optimized_images/Kids_Club_Cicada/__thumbs_1550_555_crop/Kids_Club-11_thf1fe.jpg]
[www.regnumhotels.com/d/regnum/merged/packages_viewList_f1_2017-06-08-14-09_3245982783.css]
[www.regnumhotels.com/d/regnum/merged/global_f9_2017-04-25-13-57_4069041113.css]
[www.regnumhotels.com/d/regnum/media/Optimized_images/General/Golf_Residence_Area/__thumbs_1550_555_crop/Carya_Residence_Area_3_th.jpg]
[www.regnumhotels.com/d/regnum/media/__thumbs_1550_555_crop/honeymoon_package.jpg]
[www.regnumhotels.com/en/packages-belek-antalya.html]
[www.regnumhotels.com/d/regnum/media/Optimized_images/General/Golf_Residence_Area/__thumbs_1550_555_crop/Carya_Residence_Area_3_th1957.jpg]
[www.regnumhotels.com/d/regnum/merged/gallery_viewList_f1_2017-06-08-14-09_3372014578.css]
[www.regnumhotels.com/d/regnum/merged/global_f10_2017-04-25-13-57_4010762234.css]
[www.regnumhotels.com/d/regnum/media/Optimized_images/Others/__thumbs_1550_855_scale/Water_Show_th.jpg]
[www.regnumhotels.com/templates/main/images/1px.png]
[www.regnumhotels.com/d/regnum/media/Optimized_images/General/Golf_Residence_Area/__thumbs_1550_855_scale/Carya_Residence_Area_3_th.jpg]
[www.regnumhotels.com/d/regnum/media/Optimized_images/General/Golf_Residence_Area/__thumbs_1550_855_scale/Carya_Residence_Area_2_th.jpg]
[www.regnumhotels.com/d/regnum/media/Optimized_images/General/Golf_Residence_Area/__thumbs_1550_855_scale/Carya_Residence_Area_1_th.jpg]
[www.regnumhotels.com/d/regnum/media/Optimized_images/General/__thumbs_1550_855_scale/General_View-1_th.jpg]
[www.regnumhotels.com/d/regnum/media/Optimized_images/General/__thumbs_1550_855_scale/General_View-8_th.jpg]
[www.regnumhotels.com/d/regnum/media/Optimized_images/General/__thumbs_1550_855_scale/General_View-7_th.jpg]
[www.regnumhotels.com/d/regnum/media/Optimized_images/General/__thumbs_1550_855_scale/General_View-5_th.jpg]
[www.regnumhotels.com/d/regnum/media/Optimized_images/General/__thumbs_1550_855_scale/General_View-6_th.jpg]
[www.regnumhotels.com/d/regnum/media/Optimized_images/General/__thumbs_1550_855_scale/General_View-3_th.jpg]
[www.regnumhotels.com/d/regnum/media/Optimized_images/General/__thumbs_1550_855_scale/General_View-4_th.jpg]
[www.regnumhotels.com/d/regnum/media/Optimized_images/General/__thumbs_1550_855_scale/General_View-2_th.jpg]
[www.regnumhotels.com/d/regnum/media/Optimized_images/Lobby/__thumbs_1550_855_scale/Lobby-2_th.jpg]
[www.regnumhotels.com/d/regnum/media/Optimized_images/Lobby/__thumbs_1550_855_scale/Lobby_th.jpg]
[www.regnumhotels.com/d/regnum/media/Optimized_images/Rooms/4_Crown_Villa/__thumbs_1550_855_scale/Crown_Villa-8_th.jpg]
[www.regnumhotels.com/d/regnum/media/Optimized_images/Rooms/4_Crown_Villa/__thumbs_1550_855_scale/Crown_Villa-7_th.jpg]
[www.regnumhotels.com/d/regnum/media/Optimized_images/Rooms/4_Crown_Villa/__thumbs_1550_855_scale/Crown_Villa-6_th.jpg]
[www.regnumhotels.com/d/regnum/media/Optimized_images/Rooms/4_Crown_Villa/__thumbs_1550_855_scale/Crown_Villa-5_th.jpg]
[www.regnumhotels.com/d/regnum/media/Optimized_images/Rooms/4_Crown_Villa/__thumbs_1550_855_scale/Crown_Villa-4_th.jpg]
[www.regnumhotels.com/d/regnum/media/Optimized_images/Rooms/4_Crown_Villa/__thumbs_1550_855_scale/Crown_Villa-3_th.jpg]
[www.regnumhotels.com/d/regnum/media/Optimized_images/Rooms/4_Crown_Villa/__thumbs_1550_855_scale/Crown_Villa-2_th.jpg]
[www.regnumhotels.com/d/regnum/media/Optimized_images/Rooms/4_Crown_Villa/__thumbs_1550_855_scale/Crown_Villa-1_th.jpg]
[www.regnumhotels.com/d/regnum/media/Optimized_images/Rooms/3_Carya_Golf_Villa/__thumbs_1550_855_scale/Carya_Golf_Villa-Rooms_th.jpg]
[www.regnumhotels.com/d/regnum/media/Optimized_images/Rooms/3_Carya_Golf_Villa/__thumbs_1550_855_scale/Carya_Golf_Villa-Pool_th.jpg]
[www.regnumhotels.com/d/regnum/media/Optimized_images/Rooms/3_Carya_Golf_Villa/__thumbs_1550_855_scale/Carya_Golf_Villa-Master_Bedroom_th.jpg]
[www.regnumhotels.com/d/regnum/media/Optimized_images/Rooms/3_Carya_Golf_Villa/__thumbs_1550_855_scale/Carya_Golf_Villa-Living_Room_th.jpg]
[www.regnumhotels.com/d/regnum/media/Optimized_images/Rooms/3_Carya_Golf_Villa/__thumbs_1550_855_scale/Carya_Golf_Villa-Kitchen_th.jpg]
[www.regnumhotels.com/d/regnum/media/Optimized_images/Rooms/3_Carya_Golf_Villa/__thumbs_1550_855_scale/Carya_Golf_Villa-Changing_Room_th.jpg]
[www.regnumhotels.com/d/regnum/media/Optimized_images/Rooms/3_Carya_Golf_Villa/__thumbs_1550_855_scale/Carya_Golf_Villa-Bathroom_th.jpg]
[www.regnumhotels.com/d/regnum/media/Optimized_images/Rooms/3_Carya_Golf_Villa/__thumbs_1550_855_scale/Carya_Golf_Villa-Bathroom-2_th.jpg]
[www.regnumhotels.com/d/regnum/media/Optimized_images/Rooms/2_Golf_Residence/__thumbs_1550_855_scale/Golf_Suite_by_Pool-Living_room_th.jpg]
[www.regnumhotels.com/d/regnum/media/Optimized_images/Rooms/2_Golf_Residence/__thumbs_1550_855_scale/Golf_Suite_by_Pool-Bedroom_th.jpg]
[www.regnumhotels.com/d/regnum/media/Optimized_images/Rooms/2_Golf_Residence/__thumbs_1550_855_scale/Golf_Room_by_Pool_th.jpg]
[www.regnumhotels.com/d/regnum/media/Optimized_images/Rooms/2_Golf_Residence/__thumbs_1550_855_scale/Golf_Room_By_Pool_Changing_Room_th.jpg]
[www.regnumhotels.com/d/regnum/media/Optimized_images/Rooms/1_Main_Building/6_Presidential_Suite_Sea_View/__thumbs_1550_855_scale/Presitantial_Suite_-Bathroom_th.jpg]
[www.regnumhotels.com/d/regnum/media/Optimized_images/Rooms/1_Main_Building/6_Presidential_Suite_Sea_View/__thumbs_1550_855_scale/Presidential_Suite-Bedroom_th.jpg]
[www.regnumhotels.com/d/regnum/media/Optimized_images/Rooms/1_Main_Building/5_Luxury_Suite_Sea_View/__thumbs_1550_855_scale/Regnum-Luxury_Suite-06_th.jpg]
[www.regnumhotels.com/d/regnum/media/Optimized_images/Rooms/1_Main_Building/5_Luxury_Suite_Sea_View/__thumbs_1550_855_scale/Regnum-Luxury_Suite-05_th.jpg]
[www.regnumhotels.com/d/regnum/media/Optimized_images/Rooms/1_Main_Building/5_Luxury_Suite_Sea_View/__thumbs_1550_855_scale/Regnum-Luxury_Suite-04_th.jpg]
[www.regnumhotels.com/d/regnum/media/Optimized_images/Rooms/1_Main_Building/5_Luxury_Suite_Sea_View/__thumbs_1550_855_scale/Regnum-Luxury_Suite-03_th.jpg]
[www.regnumhotels.com/d/regnum/media/Optimized_images/Rooms/1_Main_Building/5_Luxury_Suite_Sea_View/__thumbs_1550_855_scale/Regnum-Luxury_Suite-02_th.jpg]
[www.regnumhotels.com/d/regnum/media/Optimized_images/Rooms/1_Main_Building/5_Luxury_Suite_Sea_View/__thumbs_1550_855_scale/Regnum-Luxury_Suite-01_th.jpg]
[www.regnumhotels.com/d/regnum/media/Optimized_images/Rooms/1_Main_Building/4_Family_Roof_Room/__thumbs_1550_855_scale/Family_Roof_Room_th.jpg]
[www.regnumhotels.com/d/regnum/media/Optimized_images/Rooms/1_Main_Building/4_Family_Roof_Room/__thumbs_1550_855_scale/Family_Bathroom_th.jpg]
[www.regnumhotels.com/d/regnum/media/Optimized_images/Rooms/1_Main_Building/3_Senior_Luxury_Room_Sea_View/__thumbs_1550_855_scale/Senior_Room_-_Bathroom_th.jpg]
[www.regnumhotels.com/d/regnum/media/Optimized_images/Rooms/1_Main_Building/3_Senior_Luxury_Room_Sea_View/__thumbs_1550_855_scale/Senior-Room-02_th.jpg]
[www.regnumhotels.com/d/regnum/media/Optimized_images/Rooms/1_Main_Building/3_Senior_Luxury_Room_Sea_View/__thumbs_1550_855_scale/Senior-Room-01_th.jpg]
[www.regnumhotels.com/d/regnum/media/Optimized_images/Rooms/1_Main_Building/2_Junior_Luxury_Room_Sea_View/__thumbs_1550_855_scale/Junior-Room-02_th.jpg]
[www.regnumhotels.com/d/regnum/media/Optimized_images/Rooms/1_Main_Building/1_Luxury_Room/__thumbs_1550_855_scale/Luxury_Room_Golf_View_by_night_th.jpg]
[www.regnumhotels.com/d/regnum/media/Optimized_images/Rooms/1_Main_Building/2_Junior_Luxury_Room_Sea_View/__thumbs_1550_855_scale/Junior-Room-01_th.jpg]
[www.regnumhotels.com/d/regnum/media/Optimized_images/Rooms/1_Main_Building/1_Luxury_Room/__thumbs_1550_855_scale/Luxury_Room_Changing_Room_th.jpg]
[www.regnumhotels.com/d/regnum/media/Optimized_images/Rooms/1_Main_Building/6_Presidential_Suite_Sea_View/__thumbs_1550_855_scale/Presidential_Suite-Living_Room_th.jpg]
[www.regnumhotels.com/d/regnum/media/Optimized_images/Rooms/1_Main_Building/1_Luxury_Room/__thumbs_1550_855_scale/Luxury_Room_Sea_View_th.jpg]
[www.regnumhotels.com/d/regnum/media/Optimized_images/Rooms/1_Main_Building/1_Luxury_Room/__thumbs_1550_855_scale/Luxury_Room-Golf_View_th.jpg]
[www.regnumhotels.com/d/regnum/media/Optimized_images/Rooms/1_Main_Building/1_Luxury_Room/__thumbs_1550_855_scale/Luxury_Room_Bathroom_th.jpg]
[www.regnumhotels.com/d/regnum/media/Optimized_images/Restaurants_and_Bars/Snacks/__thumbs_1550_855_scale/Gusto_Snack_th.jpg]
[www.regnumhotels.com/d/regnum/media/Optimized_images/Restaurants_and_Bars/Snacks/__thumbs_1550_855_scale/Forest_Check_th.jpg]
[www.regnumhotels.com/d/regnum/media/Optimized_images/Restaurants_and_Bars/Snacks/__thumbs_1550_855_scale/Beach_Snack_th.jpg]
[www.regnumhotels.com/d/regnum/media/Optimized_images/Restaurants_and_Bars/Patiserie_Macaroon/__thumbs_1550_855_scale/Patisserie_Macaroon_th.jpg]
[www.regnumhotels.com/d/regnum/media/Optimized_images/Restaurants_and_Bars/Patiserie_Macaroon/__thumbs_1550_855_scale/Patisserie_Macaroon-2_th.jpg]
[www.regnumhotels.com/d/regnum/media/Optimized_images/Restaurants_and_Bars/Night_Club_Rouge/__thumbs_1550_855_scale/Night_Club-Rouge_th.jpg]
[www.regnumhotels.com/d/regnum/media/Optimized_images/Restaurants_and_Bars/Main_Restaurant/__thumbs_1550_855_scale/Main_Restaurant_th.jpg]
[www.regnumhotels.com/d/regnum/media/Optimized_images/Restaurants_and_Bars/Bars/Lobby_Bar/__thumbs_1550_855_scale/Looby_Bar-One-3_th.jpg]
[www.regnumhotels.com/d/regnum/media/Optimized_images/Restaurants_and_Bars/Bars/Lobby_Bar/__thumbs_1550_855_scale/Lobby_Bar_One1_th.jpg]
[www.regnumhotels.com/d/regnum/media/Optimized_images/Restaurants_and_Bars/Bars/Lobby_Bar/__thumbs_1550_855_scale/Lobby_Bar-One_th.jpg]
[www.regnumhotels.com/d/regnum/media/Optimized_images/Restaurants_and_Bars/Bars/__thumbs_1550_855_scale/Zing_Vitamin_Bar_th.jpg]
[www.regnumhotels.com/d/regnum/media/Optimized_images/Restaurants_and_Bars/Bars/__thumbs_1550_855_scale/The_Harbour-Pier_Bar_th.jpg]
[www.regnumhotels.com/d/regnum/media/Optimized_images/Restaurants_and_Bars/Bars/__thumbs_1550_855_scale/Sports_Bar-_Score_th.jpg]
[www.regnumhotels.com/d/regnum/media/Optimized_images/Restaurants_and_Bars/Bars/__thumbs_1550_855_scale/Irish_Pub-The_Shamrock_th.jpg]
[www.regnumhotels.com/d/regnum/media/Optimized_images/Restaurants_and_Bars/Bars/__thumbs_1550_855_scale/19th_Hole_Bar_th.jpg]
[www.regnumhotels.com/d/regnum/media/Optimized_images/Restaurants_and_Bars/Ala_Carte_Restaurants/Seafood_Restaurant/__thumbs_1550_855_scale/Fish_Restaurant-Seahourse_2_th.jpg]
[www.regnumhotels.com/d/regnum/media/Optimized_images/Restaurants_and_Bars/Ala_Carte_Restaurants/Seafood_Restaurant/__thumbs_1550_855_scale/Fish_Restaurant-Seahourse_3_th.jpg]
[www.regnumhotels.com/d/regnum/media/Optimized_images/Restaurants_and_Bars/Ala_Carte_Restaurants/Turkish_Restaurant/__thumbs_1550_855_scale/Turkish_Restaurant_th.jpg]
[www.regnumhotels.com/d/regnum/media/Optimized_images/Restaurants_and_Bars/Ala_Carte_Restaurants/Far_East_Restaurant/__thumbs_1550_855_scale/Far_East_Restaurant-Chufang_th.jpg]
[www.regnumhotels.com/d/regnum/media/Optimized_images/Restaurants_and_Bars/Ala_Carte_Restaurants/Italian_Restaurant/__thumbs_1550_855_scale/Italian_Restaurant_th.jpg]
[www.regnumhotels.com/d/regnum/media/Optimized_images/Restaurants_and_Bars/Ala_Carte_Restaurants/Italian_Restaurant/__thumbs_1550_855_scale/Italian_Restaurant_-Tramonto_th.jpg]
[www.regnumhotels.com/d/regnum/media/Optimized_images/Restaurants_and_Bars/Ala_Carte_Restaurants/Far_East_Restaurant/__thumbs_1550_855_scale/Far_East_Restaurant-Chufang_2_th.jpg]
[www.regnumhotels.com/d/regnum/media/Optimized_images/Restaurants_and_Bars/Ala_Carte_Restaurants/Far_East_Restaurant/__thumbs_1550_855_scale/Teppenyaki_-_Chufang_Restaurant_th.jpg]
[www.regnumhotels.com/d/regnum/media/Optimized_images/Game_Room/__thumbs_1550_855_scale/Game_room-billiard1_th.jpg]
[www.regnumhotels.com/d/regnum/media/Optimized_images/Game_Room/__thumbs_1550_855_scale/Game_room-bowling_th.jpg]
[www.regnumhotels.com/d/regnum/media/Optimized_images/Game_Room/__thumbs_1550_855_scale/Game_room-bowling_2_th.jpg]
[www.regnumhotels.com/d/regnum/media/Optimized_images/Game_Room/__thumbs_1550_855_scale/Game_Room-Billiard_th.jpg]
[www.regnumhotels.com/d/regnum/media/Optimized_images/Game_Room/__thumbs_1550_855_scale/game_room-3_th.jpg]
[www.regnumhotels.com/d/regnum/media/Optimized_images/Game_Room/__thumbs_1550_855_scale/Game_room-4_th.jpg]
[www.regnumhotels.com/d/regnum/media/Optimized_images/Others/__thumbs_1550_855_scale/Amphitheatre_th.jpg]
[www.regnumhotels.com/d/regnum/media/Optimized_images/Game_Room/__thumbs_1550_855_scale/game_room-2_th.jpg]
[www.regnumhotels.com/d/regnum/media/Optimized_images/Others/__thumbs_1550_855_scale/Waterpipe_Area_th.jpg]
[www.regnumhotels.com/d/regnum/media/Optimized_images/Football/__thumbs_1550_855_scale/Football_Area-2_th.jpg]
[www.regnumhotels.com/d/regnum/media/Optimized_images/Football/__thumbs_1550_855_scale/Football_Area-1_th.jpg]
[www.regnumhotels.com/d/regnum/media/Optimized_images/Meeting_Rooms/__thumbs_1550_855_scale/Meeting_Rooms-Foyer_th.jpg]
[www.regnumhotels.com/d/regnum/media/Optimized_images/Meeting_Rooms/__thumbs_1550_855_scale/Meeting_Room-Pinus_th.jpg]
[www.regnumhotels.com/d/regnum/media/Optimized_images/Meeting_Rooms/__thumbs_1550_855_scale/Meeting_Room-Carya_th.jpg]
[www.regnumhotels.com/d/regnum/media/Optimized_images/Meeting_Rooms/__thumbs_1550_855_scale/Meeting_Room-Carya_5_th.jpg]
[www.regnumhotels.com/d/regnum/media/Optimized_images/Meeting_Rooms/__thumbs_1550_855_scale/Meeting_Room-Carya_6_th.jpg]
[www.regnumhotels.com/d/regnum/media/Optimized_images/Meeting_Rooms/__thumbs_1550_855_scale/Meeting_Room-Carya_2_th.jpg]
[www.regnumhotels.com/d/regnum/media/Optimized_images/Meeting_Rooms/__thumbs_1550_855_scale/Meeting_Room-Carya_3_th.jpg]
[www.regnumhotels.com/d/regnum/media/Optimized_images/Meeting_Rooms/__thumbs_1550_855_scale/Breakout-Tillia_th.jpg]
[www.regnumhotels.com/d/regnum/media/Optimized_images/Meeting_Rooms/__thumbs_1550_855_scale/Grand_Floor-Foyer_th.jpg]
[www.regnumhotels.com/d/regnum/media/Optimized_images/Meeting_Rooms/__thumbs_1550_855_scale/Meeting_Room-Carya1_th.jpg]
[www.regnumhotels.com/d/regnum/media/Optimized_images/Meeting_Rooms/__thumbs_1550_855_scale/Breakout-Ficus_2_th.jpg]
[www.regnumhotels.com/d/regnum/media/Optimized_images/Meeting_Rooms/__thumbs_1550_855_scale/Breakout-TILLIA_2_th.jpg]
[www.regnumhotels.com/d/regnum/media/__thumbs_1550_855_scale/22.jpg]
[www.regnumhotels.com/d/regnum/media/__thumbs_1550_855_scale/66.jpg]
[www.regnumhotels.com/d/regnum/media/__thumbs_1550_855_scale/11.jpg]
[www.regnumhotels.com/en/gallery.html]
[www.regnumhotels.com/d/regnum/merged/global_f9_2017-04-25-13-57_3653696738.css]
[www.regnumhotels.com/d/regnum/media/kingvilla/__thumbs_400_243_crop/gianluca_vacchi.jpg]
[www.regnumhotels.com/d/regnum/media/__thumbs_400_243_crop/web.jpg]
[www.regnumhotels.com/d/regnum/media/__thumbs_400_243_crop/shutterstock_445746706.jpg]
[www.regnumhotels.com/d/regnum/media/__thumbs_400_243_crop/Aquaworld_at_Regnum_small.jpg]
[www.regnumhotels.com/d/regnum/media/__thumbs_400_243_crop/carya-golf-club-030-regnum-carya.jpg]
[www.regnumhotels.com/d/regnum/media/__thumbs_400_243_crop/Kurunlu_Waterfall_in_Antalya_43a290.jpg]
[www.regnumhotels.com/d/regnum/media/__thumbs_400_243_crop/CARYA_FLOODLIGHT.jpg]
[www.regnumhotels.com/d/regnum/media/__thumbs_400_243_crop/rm-1.jpg]
[www.regnumhotels.com/d/regnum/media/__thumbs_400_243_crop/lol.jpg]
[www.regnumhotels.com/d/regnum/media/__thumbs_400_243_crop/shutterstock_97983071.jpg]
[www.regnumhotels.com/d/regnum/media/__thumbs_400_243_crop/TOnew.jpg]
[www.regnumhotels.com/d/regnum/media/__thumbs_400_243_crop/__DJI_0628.jpg]
[www.regnumhotels.com/d/regnum/media/kingvilla/__thumbs_400_243_crop/1.jpg]
[www.regnumhotels.com/d/regnum/media/Optimized_images/Pools/__thumbs_400_243_crop/Heated_Outdoor_Pool-2_th.jpg]
[www.regnumhotels.com/en/news.html]
[www.regnumhotels.com/condor/modules/flexibleForms/javascript.flexibleForms.js]
[www.regnumhotels.com/d/regnum/merged/contactus-and-location_showForm_f3_2017-06-08-14-09_2826327687.css]
[www.regnumhotels.com/d/regnum/merged/global_f9_2017-04-25-13-57_512479956.css]
[www.regnumhotels.com/en/contact-and-location.html]
[www.regnumhotels.com/d/regnum/merged/global_f9_2017-04-25-13-57_3923182638.css]
[www.regnumhotels.com/templates/main/images/map/hotel-pin.png]
[www.regnumhotels.com/templates/main/images/map/attraction-pin.png]
[www.regnumhotels.com/templates/main/images/map/attraction.png]
[www.regnumhotels.com/d/regnum/media/__thumbs_400_243_crop/shutterstock_115950643.jpg]
[www.regnumhotels.com/en/attractions/aspendos-theatre.html]
[www.regnumhotels.com/d/regnum/media/__thumbs_400_243_crop/duden.jpg]
[www.regnumhotels.com/en/attractions/duden-waterfalls.html]
[www.regnumhotels.com/d/regnum/media/__thumbs_400_243_crop/shutterstock_279403043.jpg]
[www.regnumhotels.com/en/attractions/the-ancient-city-of-perge.html]
[www.regnumhotels.com/d/regnum/media/__thumbs_400_243_crop/apollo.jpg]
[www.regnumhotels.com/en/attractions/temple-of-apollo.html]
[www.regnumhotels.com/d/regnum/media/__thumbs_400_243_crop/Carya_Golf_7_5f5111.jpg]
[www.regnumhotels.com/en/attractions/carya-golf-club.html]
[www.regnumhotels.com/d/regnum/media/__thumbs_400_243_crop/National_Golf_Club_-23.jpg]
[www.regnumhotels.com/en/attractions/national-golf-club.html]
[www.regnumhotels.com/d/regnum/media/__thumbs_400_243_crop/expo2016-2.jpg]
[www.regnumhotels.com/en/attractions/expo-2016.html]
[www.regnumhotels.com/d/regnum/merged/global_f9_2017-04-07-12-10_1844485985.js]
[www.regnumhotels.com/en/attractions-in-antalya.html]
[www.regnumhotels.com/d/regnum/merged/global_f7_2017-04-25-13-57_3916288595.css]
[www.regnumhotels.com/d/regnum/media/Optimized_images/General/__thumbs_581_377_crop/General_View-1_th5dff.jpg]
[www.regnumhotels.com/d/regnum/media/Optimized_images/General/__thumbs_581_377_crop/General_View-4_thbafa.jpg]
[www.regnumhotels.com/d/regnum/media/Optimized_images/Golf/National_Golf_Club/__thumbs_581_377_crop/National_Golf_Club_-23_th3114.jpg]
[www.regnumhotels.com/d/regnum/media/Optimized_images/Golf/Carya_Golf_Club/__thumbs_581_377_crop/Carya_Golf_7_th_530899b759.jpg]
[www.regnumhotels.com/d/regnum/media/Optimized_images/Golf/Carya_Golf_Club/__thumbs_581_377_crop/Carya_Golf_12_th_bf85a1e10d.jpg]
[www.regnumhotels.com/d/regnum/media/Optimized_images/Others/__thumbs_1550_555_crop/Waterfall_th.jpg]
[www.regnumhotels.com/en/about-us.html]
[www.regnumhotels.com/d/regnum/media/Optimized_images/Others/__thumbs_1550_555_crop/Waterfall_th821f.jpg]
[www.regnumhotels.com/d/regnum/images/environment-quality-logo1027.png]
[www.regnumhotels.com/d/regnum/media/Optimized_images/General/__thumbs_1550_555_crop/General_View-4_th.jpg]
[www.regnumhotels.com/en/green-hotel-belek-antalya.html]
[www.regnumhotels.com/d/regnum/media/Optimized_images/General/__thumbs_1550_555_crop/General_View-4_thbafa.jpg]
[www.regnumhotels.com/d/regnum/merged/global_f9_2017-04-25-13-57_1071155998.css]
[www.regnumhotels.com/d/regnum/mod_pukkaFlowers/itemImage_181.jpg]
[www.regnumhotels.com/d/regnum/mod_pukkaFlowers/itemImage_1.194.delayed]
[www.regnumhotels.com/d/regnum/mod_pukkaFlowers/itemImage_1815e4b.jpg]
[www.regnumhotels.com/d/regnum/mod_pukkaFlowers/itemImage_1bf90.jpg]
[www.regnumhotels.com/d/regnum/mod_pukkaFlowers/itemImage_21.jpg]
[www.regnumhotels.com/d/regnum/mod_pukkaFlowers/itemImage_215591.jpg]
[www.regnumhotels.com/d/regnum/mod_pukkaFlowers/itemImage_41.jpg]
[www.regnumhotels.com/d/regnum/images/video_2819eff.jpg]
[www.regnumhotels.com/d/regnum/images/video_191cb8b.jpg]
[www.regnumhotels.com/d/regnum/mod_pukkaFlowers/itemImage_41d197.jpg]
[www.regnumhotels.com/d/regnum/images/video_20125db.jpg]
[www.regnumhotels.com/d/regnum/images/video_21198b3.jpg]
[www.regnumhotels.com/d/regnum/images/video_271d519.jpg]
[www.regnumhotels.com/d/regnum/images/video_26197ca.jpg]
[www.regnumhotels.com/d/regnum/images/video_251de47.jpg]
[www.regnumhotels.com/d/regnum/images/video_2214e4a.jpg]
[www.regnumhotels.com/d/regnum/images/video_231d058.jpg]
[www.regnumhotels.com/d/regnum/media/Optimized_images/General/__thumbs_1550_555_crop/General_View-8_th.jpg]
[www.regnumhotels.com/en/media.html]
[www.regnumhotels.com/d/regnum/media/Optimized_images/General/__thumbs_1550_555_crop/General_View-8_th3b0a.jpg]
[www.regnumhotels.com/d/regnum/merged/career_showForm_f3_2017-06-08-14-09_2826327687.css]
[www.regnumhotels.com/d/regnum/merged/global_f10_2017-04-25-13-57_837761169.css]
[www.regnumhotels.com/en/career.html]
[connect.facebook.net/en_GB/sdk.js]
[platform.instagram.com/en_US/embeds.js]
[www.tripadvisor.co.uk/img/cdsi/img2/branding/150_logo-11900-2.png]
[www.holidaycheck.de/widgetcss342b.css]
[www.holidaycheck.de/image/widget/logo_label_de_right.png]
[media.holidaycheck.com/data/common/hotelbilder/klein/4/1308492.jpg]
[www.regnumhotels.com/en/guest-reviews.html]
[www.regnumhotels.com/d/regnum/merged/sitemap_renderSitemap_f1_2016-06-15-13-35_1660000154.css]
[www.regnumhotels.com/d/regnum/merged/global_f8_2017-04-25-13-57_3073476085.css]
[www.regnumhotels.com/en/newsletter.html]
[www.regnumhotels.com/d/regnum/media/Optimized_images/General/__thumbs_1550_555_crop/General_View-1_th.jpg]
[www.regnumhotels.com/d/regnum/media/Optimized_images/General/__thumbs_1550_555_crop/General_View-7_th.jpg]
[www.regnumhotels.com/en/sitemap.html]
[www.regnumhotels.com/d/regnum/media/Optimized_images/General/__thumbs_1550_555_crop/General_View-1_th5dff.jpg]
[www.regnumhotels.com/d/regnum/media/Optimized_images/General/__thumbs_1550_555_crop/General_View-6_th.jpg]
[www.regnumhotels.com/en/terms-and-conditions.html]
[www.regnumhotels.com/d/regnum/media/Optimized_images/General/__thumbs_1550_555_crop/General_View-6_th875f.jpg]
[www.regnumhotels.com/en/+ dataSrc +.1b5.delayed]
[www.regnumhotels.com/d/regnum/merged/global_f8_2017-04-07-12-10_833116078.js]
[www.regnumhotels.com/en/GET.html]
[www.regnumhotels.com/en/ABCDEFGHIJKLMNOPQRSTUVWXYZabcdefghijklmnopqrstuvwxyz0123456789+/index.html]
[www.regnumhotels.com/en/%s/profile4d6d.html]
[www.regnumhotels.com/en/get-2.html]
[www.regnumhotels.com/en/path.html]
[www.regnumhotels.com/en/awaps.yandex.net/index.html]
[www.regnumhotels.com/d/regnum/merged/rooms_viewList_f1_2017-06-08-14-09_1286838238.css]
[www.regnumhotels.com/templates/main/images/map/zoom-btn.png]
[www.regnumhotels.com/d/regnum/merged/global_f9_2017-04-25-13-57_2468918325.css]
[www.regnumhotels.com/d/regnum/merged/global_f9_2017-04-25-13-57_1503792254.css]
[www.regnumhotels.com/d/regnum/merged/global_f9_2017-04-25-13-57_3362243059.css]
[www.regnumhotels.com/templates/main/libs/jquery/fancybox/fancybox_sprite.png]
[www.regnumhotels.com/templates/main/libs/jquery/fancybox/fancybox_loading.gif]
[www.regnumhotels.com/templates/main/libs/jquery/fancybox/blank.gif]
[www.regnumhotels.com/templates/main/libs/jquery/fancybox/fancybox_sprite@2x.png]
[www.regnumhotels.com/templates/main/libs/jquery/fancybox/fancybox_loading@2x.gif]
[www.regnumhotels.com/d/regnum/merged/global_f10_2017-04-25-13-57_2210881559.css]
[www.regnumhotels.com/d/regnum/merged/fancybox_f1_2016-05-24-11-26_1507225849.js]
[www.regnumhotels.com/d/regnum/merged/global_f9_2017-04-25-13-57_741277088.css]
[www.regnumhotels.com/d/regnum/merged/rfp_showForm_f4_2017-06-08-14-09_4133921494.css]
[www.regnumhotels.com/en/rfp.html]
[www.regnumhotels.com/templates/moduleThemes/clean/flexibleForms/images/calendar.png]
[www.regnumhotels.com/d/regnum/merged/global_f10_2017-04-25-13-57_1209139493.css]
[www.regnumhotels.com/d/regnum/merged/packages_viewList_f1_2017-06-08-14-09_3245982783.css]
[www.regnumhotels.com/d/regnum/merged/global_f9_2017-04-25-13-57_4069041113.css]
[www.regnumhotels.com/d/regnum/merged/gallery_viewList_f1_2017-06-08-14-09_3372014578.css]
[www.regnumhotels.com/templates/main/images/zoom.png]
[www.regnumhotels.com/d/regnum/merged/global_f10_2017-04-25-13-57_4010762234.css]
[www.regnumhotels.com/d/regnum/merged/global_f9_2017-04-25-13-57_3653696738.css]
[www.regnumhotels.com/condor/modules/flexibleForms/javascript.flexibleForms.js]
[www.regnumhotels.com/d/regnum/merged/contactus-and-location_showForm_f3_2017-06-08-14-09_2826327687.css]
[www.regnumhotels.com/templates/main/images/calendar_mobile.png]
[www.regnumhotels.com/templates/main/images/search_mobile.png]
[www.regnumhotels.com/d/regnum/merged/global_f9_2017-04-25-13-57_512479956.css]
[www.regnumhotels.com/d/regnum/merged/global_f9_2017-04-25-13-57_3923182638.css]
[www.regnumhotels.com/templates/main/images/map/attraction.html]
[www.regnumhotels.com/d/regnum/merged/attractions_viewItem_item41_f1_2017-06-08-14-09_4083941396.css]
[www.regnumhotels.com/en/attractions/aspendos-theatre.html]
[www.regnumhotels.com/d/regnum/merged/attractions_viewItem_item51_f1_2017-06-08-14-09_4083941396.css]
[www.regnumhotels.com/en/attractions/duden-waterfalls.html]
[www.regnumhotels.com/d/regnum/merged/attractions_viewItem_item61_f1_2017-06-08-14-09_4083941396.css]
[www.regnumhotels.com/en/attractions/the-ancient-city-of-perge.html]
[www.regnumhotels.com/d/regnum/merged/attractions_viewItem_item71_f1_2017-06-08-14-09_4083941396.css]
[www.regnumhotels.com/en/attractions/temple-of-apollo.html]
[www.regnumhotels.com/d/regnum/merged/attractions_viewItem_item1_f1_2017-06-08-14-09_4083941396.css]
[www.regnumhotels.com/en/attractions/carya-golf-club.html]
[www.regnumhotels.com/d/regnum/merged/attractions_viewItem_item21_f1_2017-06-08-14-09_4083941396.css]
[www.regnumhotels.com/en/attractions/national-golf-club.html]
[www.regnumhotels.com/d/regnum/merged/attractions_viewItem_item31_f1_2017-06-08-14-09_4083941396.css]
[www.regnumhotels.com/en/attractions/expo-2016.html]
[www.regnumhotels.com/d/regnum/merged/global_f9_2017-04-07-12-10_1844485985.js]
[www.regnumhotels.com/d/regnum/merged/global_f7_2017-04-25-13-57_3916288595.css]
[www.regnumhotels.com/templates/main/images/pdf.png]
[www.regnumhotels.com/templates/main/images/video-close.png]
[www.regnumhotels.com/templates/main/images/video-btn.png]
[www.regnumhotels.com/d/regnum/merged/global_f9_2017-04-25-13-57_1071155998.css]
[www.regnumhotels.com/d/regnum/merged/career_showForm_f3_2017-06-08-14-09_2826327687.css]
[www.regnumhotels.com/d/regnum/merged/global_f10_2017-04-25-13-57_837761169.css]
[connect.facebook.net/en_GB/sdk.js]
[platform.instagram.com/en_US/embeds.js]
[www.regnumhotels.com/en/captioned/index.html]
[www.regnumhotels.com/en/embed/index.html]
[www.holidaycheck.de/image/element_box/boxhome_headline_bg.gif]
[www.holidaycheck.de/image/element_sprite/sprite_global_de.png]
[www.holidaycheck.de/image/widget/factbox_right.png]
[www.holidaycheck.de/image/widget/factbox_rate_left.png]
[www.holidaycheck.de/image/widget/factbox_sun_left.png]
[www.holidaycheck.de/image/element_sprite/sprite_rates.gif]
[www.holidaycheck.de/widgetcss342b.css]
[www.regnumhotels.com/d/regnum/merged/sitemap_renderSitemap_f1_2016-06-15-13-35_1660000154.css]
[www.regnumhotels.com/d/regnum/merged/global_f8_2017-04-25-13-57_3073476085.css]
[www.regnumhotels.com/en/newsletter.html]
[www.regnumhotels.com/en/+ dataSrc +.html]
[www.regnumhotels.com/d/regnum/merged/rfp_showForm_f4_2017-06-08-14-09_4133921494.css]
[www.regnumhotels.com/d/regnum/merged/attractions_viewItem_item41_f1_2017-06-08-14-09_4083941396.css]
[www.regnumhotels.com/d/regnum/merged/attractions_viewItem_item51_f1_2017-06-08-14-09_4083941396.css]
[www.regnumhotels.com/d/regnum/merged/attractions_viewItem_item61_f1_2017-06-08-14-09_4083941396.css]
[www.regnumhotels.com/d/regnum/merged/attractions_viewItem_item71_f1_2017-06-08-14-09_4083941396.css]
[www.regnumhotels.com/d/regnum/merged/attractions_viewItem_item1_f1_2017-06-08-14-09_4083941396.css]
[www.regnumhotels.com/d/regnum/merged/attractions_viewItem_item21_f1_2017-06-08-14-09_4083941396.css]
[www.regnumhotels.com/d/regnum/merged/attractions_viewItem_item31_f1_2017-06-08-14-09_4083941396.css]
[www.regnumhotels.com/en/embed/index.html]
[www.regnumhotels.com/en/captioned/index.html]
